// Jest Snapshot v1, https://goo.gl/fbAQLP

exports[`Projects Component does not render any additional content 1`] = `
<div
  data-testid="mock-project-list"
>
  Mock Project List
</div>
`;
